[
  {
    "objectID": "test:test.com:root.uv.api-reference.overview-chunk:0",
    "org_id": "test",
    "domain": "test.com",
    "canonicalPathname": "/docs/api-reference/overview",
    "pathname": "/docs/api-reference/overview",
    "title": "Overview",
    "breadcrumb": [
      {
        "title": "API Reference",
        "pathname": "/docs/api-reference"
      }
    ],
    "visible_by": [
      "role/everyone"
    ],
    "authed": false,
    "page_position": 0,
    "type": "markdown",
    "code_snippets": [
      {
        "lang": "plain",
        "meta": "title=\"Base URL\"",
        "code": "https://api.assemblyai.com"
      }
    ],
    "content": "This page describes how to perform common operations with the REST API. Each endpoint is documented individually and grouped by the resource it interacts with, such as Transcripts and LeMUR.\nThe AssemblyAI API uses REST with JSON-encoded request bodies and responses, and is available at the following URL:\n\n\nThis page explains the AssemblyAI REST API. If you want to use Streaming\nSpeech-to-Text, see Streaming API reference."
  },
  {
    "objectID": "test:test.com:root.uv.api-reference.overview-client-sdks-chunk:0",
    "org_id": "test",
    "domain": "test.com",
    "canonicalPathname": "/docs/api-reference/overview",
    "pathname": "/docs/api-reference/overview",
    "title": "Client SDKs",
    "breadcrumb": [
      {
        "title": "API Reference",
        "pathname": "/docs/api-reference"
      }
    ],
    "visible_by": [
      "role/everyone"
    ],
    "authed": false,
    "page_position": 1,
    "type": "markdown",
    "hash": "#client-sdks",
    "content": "AssemblyAI provides official SDKs for popular programming languages, that make it simpler to interact with the API.\nTo get started using the SDKs, see the following resources:\nTranscribe an audio file\n\nApply LLMs to audio files using LeMUR.",
    "hierarchy": {
      "h0": {
        "title": "Overview"
      },
      "h2": {
        "id": "client-sdks",
        "title": "Client SDKs"
      }
    },
    "level": "h2"
  },
  {
    "objectID": "test:test.com:root.uv.api-reference.overview-authorization-chunk:0",
    "org_id": "test",
    "domain": "test.com",
    "canonicalPathname": "/docs/api-reference/overview",
    "pathname": "/docs/api-reference/overview",
    "title": "Authorization",
    "breadcrumb": [
      {
        "title": "API Reference",
        "pathname": "/docs/api-reference"
      }
    ],
    "visible_by": [
      "role/everyone"
    ],
    "authed": false,
    "page_position": 1,
    "type": "markdown",
    "hash": "#authorization",
    "content": "To make authorized calls the REST API, your app must provide an authorization header with an API key. You can find your API key in the AssemblyAI dashboard.\n\n\nThe examples here contain a placeholder, <YOUR_API_KEY>, that you need to replace with your actual API key.",
    "code_snippets": [
      {
        "lang": "bash",
        "meta": "title=\"Authenticated request\"",
        "code": "curl https://api.assemblyai.com/v2/transcript \\\n  --header 'Authorization: <YOUR_API_KEY>'"
      }
    ],
    "hierarchy": {
      "h0": {
        "title": "Overview"
      },
      "h2": {
        "id": "authorization",
        "title": "Authorization"
      }
    },
    "level": "h2"
  },
  {
    "objectID": "test:test.com:root.uv.api-reference.overview-errors-chunk:0",
    "org_id": "test",
    "domain": "test.com",
    "canonicalPathname": "/docs/api-reference/overview",
    "pathname": "/docs/api-reference/overview",
    "title": "Errors",
    "breadcrumb": [
      {
        "title": "API Reference",
        "pathname": "/docs/api-reference"
      }
    ],
    "visible_by": [
      "role/everyone"
    ],
    "authed": false,
    "page_position": 1,
    "type": "markdown",
    "hash": "#errors",
    "content": "The AssemblyAI API uses HTTP response codes to indicate whether a request was successful.\nThe response codes generally fall into the following ranges:\n2xx indicates the request was successful.\n\n4xx indicates the request may have omitted a required parameter, or have invalid information.\n\n5xx indicates an error on AssemblyAI's end.\n\n\nBelow is a summary of the HTTP response codes you may encounter:\nCode Status Description \n200 OK Request was successful. \n400 Bad request The request failed due to an invalid request. \n401 Unauthorized Missing or invalid API key. \n404 Not found The requested resource doesn't exist. \n429 Too many requests Too many request were sent to the API. See Rate limits for more information. \n500, 503, 504 Server error Something went wrong on AssemblyAI's end. \n\n\n\nTo stay up-to-date with any known service disruptions, subscribe to updates on\nthe Status page.",
    "code_snippets": [
      {
        "lang": "json",
        "meta": "title=\"Response with error\"",
        "code": "{\n  \"error\": \"Authentication error, API token missing/invalid\"\n}"
      }
    ],
    "hierarchy": {
      "h0": {
        "title": "Overview"
      },
      "h2": {
        "id": "errors",
        "title": "Errors"
      }
    },
    "level": "h2"
  },
  {
    "objectID": "test:test.com:root.uv.api-reference.overview-failed-transcriptions-chunk:0",
    "org_id": "test",
    "domain": "test.com",
    "canonicalPathname": "/docs/api-reference/overview",
    "pathname": "/docs/api-reference/overview",
    "title": "Failed transcriptions",
    "breadcrumb": [
      {
        "title": "API Reference",
        "pathname": "/docs/api-reference"
      }
    ],
    "visible_by": [
      "role/everyone"
    ],
    "authed": false,
    "page_position": 1,
    "type": "markdown",
    "hash": "#failed-transcriptions",
    "content": "Transcriptions may fail due to errors while processing the audio data.\nWhen you query a transcription that has failed, the response will have a 200 code, along with status set to error and an error property with more details.\nCommon reasons why a transcription may fail include:\nAudio data is corrupted or in an unsupported format. See FAQ for supported formats.\n\nAudio URL is a webpage rather than a file. Only the AssemblyAI Playground supports retrieving videos directly from YouTube links.\n\nAudio URL isn't accessible from AssemblyAI's servers.\n\nAudio duration is too short (less than 200 ms).\n\n\nIn the rare event of a transcription failure due to a server error, you may resubmit the file for transcription. If the problems persist after resubmitting, let us know.",
    "code_snippets": [
      {
        "lang": "json",
        "meta": "title=\"Failed transcription\"",
        "code": "{\n    \"status\": \"error\",\n    \"error\": \"Download error to https://foo.bar, 403 Client Error: Forbidden for url: https://foo.bar\",\n    ...\n}"
      }
    ],
    "hierarchy": {
      "h0": {
        "title": "Overview"
      },
      "h2": {
        "id": "errors",
        "title": "Errors"
      },
      "h3": {
        "id": "failed-transcriptions",
        "title": "Failed transcriptions"
      }
    },
    "level": "h3"
  },
  {
    "objectID": "test:test.com:root.uv.api-reference.overview-rate-limits-chunk:0",
    "org_id": "test",
    "domain": "test.com",
    "canonicalPathname": "/docs/api-reference/overview",
    "pathname": "/docs/api-reference/overview",
    "title": "Rate limits",
    "breadcrumb": [
      {
        "title": "API Reference",
        "pathname": "/docs/api-reference"
      }
    ],
    "visible_by": [
      "role/everyone"
    ],
    "authed": false,
    "page_position": 1,
    "type": "markdown",
    "hash": "#rate-limits",
    "content": "To ensure the API remains available for all users, AssemblyAI limits the number of API requests you can make within a certain amount of time.\nIf you exceed the rate limit, the API will respond with a 429 status code.\nSome endpoints may have more restrictive rate limits. To determine the rate limit for a specific endpoint, check the response for the following headers:\nHeader Description \nX-RateLimit-Limit Maximum number of allowed requests in a 60 second window. \nX-RateLimit-Remaining Number of remaining requests in the current time window. \nX-RateLimit-Reset Number of seconds until the remaining requests resets to the value of X-RateLimit-Limit. \n\nIf the response doesn't include X-RateLimit headers, the endpoint doesn't have rate limits.\n\n\nIf you want to increase the rate limit for your account, contact\nus.",
    "hierarchy": {
      "h0": {
        "title": "Overview"
      },
      "h2": {
        "id": "rate-limits",
        "title": "Rate limits"
      }
    },
    "level": "h2"
  },
  {
    "objectID": "test:test.com:root.uv.api-reference.overview-pagination-chunk:0",
    "org_id": "test",
    "domain": "test.com",
    "canonicalPathname": "/docs/api-reference/overview",
    "pathname": "/docs/api-reference/overview",
    "title": "Pagination",
    "breadcrumb": [
      {
        "title": "API Reference",
        "pathname": "/docs/api-reference"
      }
    ],
    "visible_by": [
      "role/everyone"
    ],
    "authed": false,
    "page_position": 1,
    "type": "markdown",
    "hash": "#pagination",
    "content": "Endpoints that support listing multiple resources use pagination to limit the number of results returned in a single response.\nPaginated responses include a page_details JSON object with information about the results and links to navigate between pages.\nProperty Description \npage_details[i].limit Maximum number of resources in a page. \npage_details[i].result_count Total number of available resources. \npage_details[i].current_url URL to the current page. \npage_details[i].prev_url URL to the previous page. \npage_details[i].next_url URL to the next page.",
    "code_snippets": [
      {
        "lang": "json",
        "meta": "title=\"Paginated response\"",
        "code": "{\n  \"page_details\": {\n    \"limit\": 1,\n    \"result_count\": 1,\n    \"current_url\": \"https://api.assemblyai.com/v2/transcript?limit=1\",\n    \"prev_url\": \"https://api.assemblyai.com/v2/transcript?limit=1&before_id=bfc3622e-8c69-4497-9a84-fb65b30dcb07\",\n    \"next_url\": \"https://api.assemblyai.com/v2/transcript?limit=1&after_id=bfc3622e-8c69-4497-9a84-fb65b30dcb07\"\n  },\n  \"transcripts\": [\n    {\n      // ...\n    }\n  ]\n}"
      }
    ],
    "hierarchy": {
      "h0": {
        "title": "Overview"
      },
      "h2": {
        "id": "pagination",
        "title": "Pagination"
      }
    },
    "level": "h2"
  },
  {
    "objectID": "test:test.com:root.uv.api-reference.overview-versioning-chunk:0",
    "org_id": "test",
    "domain": "test.com",
    "canonicalPathname": "/docs/api-reference/overview",
    "pathname": "/docs/api-reference/overview",
    "title": "Versioning",
    "breadcrumb": [
      {
        "title": "API Reference",
        "pathname": "/docs/api-reference"
      }
    ],
    "visible_by": [
      "role/everyone"
    ],
    "authed": false,
    "page_position": 1,
    "type": "markdown",
    "hash": "#versioning",
    "content": "When AssemblyAI makes backwards-incompatible changes to the API, we release a new version. For information on API updates, see Changelog.\nEndpoints are versioned using a path prefix, such as /v2.",
    "hierarchy": {
      "h0": {
        "title": "Overview"
      },
      "h2": {
        "id": "versioning",
        "title": "Versioning"
      }
    },
    "level": "h2"
  },
  {
    "objectID": "test:test.com:root.uv.api-reference.subpackage_files.endpoint_files.upload",
    "org_id": "test",
    "domain": "test.com",
    "canonicalPathname": "/docs/api-reference/files/upload",
    "pathname": "/docs/api-reference/files/upload",
    "title": "Upload a media file",
    "breadcrumb": [
      {
        "title": "API Reference",
        "pathname": "/docs/api-reference"
      },
      {
        "title": "Files",
        "pathname": "/docs/api-reference/files"
      }
    ],
    "visible_by": [
      "role/everyone"
    ],
    "authed": false,
    "page_position": 0,
    "api_type": "http",
    "api_definition_id": "72c824a6-ca97-4592-a585-266e983022de",
    "api_endpoint_id": "endpoint_files.upload",
    "method": "POST",
    "endpoint_path": "/v2/upload",
    "endpoint_path_alternates": [
      "/v2/upload",
      "https://api.assemblyai.com/v2/upload",
      "https://api.assemblyai.com/v2/upload"
    ],
    "response_type": "json",
    "description": "Upload a media file to AssemblyAI's servers.",
    "environments": [
      {
        "id": "Default",
        "url": "https://api.assemblyai.com"
      }
    ],
    "default_environment_id": "Default",
    "keywords": [
      "endpoint",
      "api",
      "http",
      "rest",
      "openapi",
      "json",
      "Error",
      "Error",
      "Error",
      "Error",
      "Error"
    ],
    "type": "api-reference"
  },
  {
    "objectID": "test:test.com:root.uv.api-reference.subpackage_transcripts.endpoint_transcripts.submit",
    "org_id": "test",
    "domain": "test.com",
    "canonicalPathname": "/docs/api-reference/transcripts/submit",
    "pathname": "/docs/api-reference/transcripts/submit",
    "title": "Transcribe audio",
    "breadcrumb": [
      {
        "title": "API Reference",
        "pathname": "/docs/api-reference"
      },
      {
        "title": "Transcripts",
        "pathname": "/docs/api-reference/transcripts"
      }
    ],
    "visible_by": [
      "role/everyone"
    ],
    "authed": false,
    "page_position": 0,
    "api_type": "http",
    "api_definition_id": "72c824a6-ca97-4592-a585-266e983022de",
    "api_endpoint_id": "endpoint_transcripts.submit",
    "method": "POST",
    "endpoint_path": "/v2/transcript",
    "endpoint_path_alternates": [
      "/v2/transcript",
      "https://api.assemblyai.com/v2/transcript",
      "https://api.assemblyai.com/v2/transcript"
    ],
    "response_type": "json",
    "description": "Create a transcript from a media file that is accessible via a URL.",
    "environments": [
      {
        "id": "Default",
        "url": "https://api.assemblyai.com"
      }
    ],
    "default_environment_id": "Default",
    "keywords": [
      "endpoint",
      "api",
      "http",
      "rest",
      "openapi",
      "json",
      "Error",
      "Error",
      "Error",
      "Error",
      "Error"
    ],
    "type": "api-reference"
  },
  {
    "objectID": "test:test.com:root.uv.api-reference.subpackage_transcripts.endpoint_transcripts.get",
    "org_id": "test",
    "domain": "test.com",
    "canonicalPathname": "/docs/api-reference/transcripts/get",
    "pathname": "/docs/api-reference/transcripts/get",
    "title": "Get transcript",
    "breadcrumb": [
      {
        "title": "API Reference",
        "pathname": "/docs/api-reference"
      },
      {
        "title": "Transcripts",
        "pathname": "/docs/api-reference/transcripts"
      }
    ],
    "visible_by": [
      "role/everyone"
    ],
    "authed": false,
    "page_position": 0,
    "api_type": "http",
    "api_definition_id": "72c824a6-ca97-4592-a585-266e983022de",
    "api_endpoint_id": "endpoint_transcripts.get",
    "method": "GET",
    "endpoint_path": "/v2/transcript/:transcript_id",
    "endpoint_path_alternates": [
      "/v2/transcript/{transcript_id}",
      "https://api.assemblyai.com/v2/transcript/:transcript_id",
      "https://api.assemblyai.com/v2/transcript/%7Btranscript_id%7D"
    ],
    "response_type": "json",
    "description": "Get the transcript resource. The transcript is ready when the \"status\" is \"completed\".",
    "environments": [
      {
        "id": "Default",
        "url": "https://api.assemblyai.com"
      }
    ],
    "default_environment_id": "Default",
    "keywords": [
      "endpoint",
      "api",
      "http",
      "rest",
      "openapi",
      "json",
      "Error",
      "Error",
      "Error",
      "Error",
      "Error"
    ],
    "type": "api-reference"
  },
  {
    "objectID": "test:test.com:root.uv.api-reference.subpackage_transcripts.endpoint_transcripts.getSentences",
    "org_id": "test",
    "domain": "test.com",
    "canonicalPathname": "/docs/api-reference/transcripts/get-sentences",
    "pathname": "/docs/api-reference/transcripts/get-sentences",
    "title": "Get sentences in transcript",
    "breadcrumb": [
      {
        "title": "API Reference",
        "pathname": "/docs/api-reference"
      },
      {
        "title": "Transcripts",
        "pathname": "/docs/api-reference/transcripts"
      }
    ],
    "visible_by": [
      "role/everyone"
    ],
    "authed": false,
    "page_position": 0,
    "api_type": "http",
    "api_definition_id": "72c824a6-ca97-4592-a585-266e983022de",
    "api_endpoint_id": "endpoint_transcripts.getSentences",
    "method": "GET",
    "endpoint_path": "/v2/transcript/:transcript_id/sentences",
    "endpoint_path_alternates": [
      "/v2/transcript/{transcript_id}/sentences",
      "https://api.assemblyai.com/v2/transcript/:transcript_id/sentences",
      "https://api.assemblyai.com/v2/transcript/%7Btranscript_id%7D/sentences"
    ],
    "response_type": "json",
    "description": "Get the transcript split by sentences. The API will attempt to semantically segment the transcript into sentences to create more reader-friendly transcripts.",
    "environments": [
      {
        "id": "Default",
        "url": "https://api.assemblyai.com"
      }
    ],
    "default_environment_id": "Default",
    "keywords": [
      "endpoint",
      "api",
      "http",
      "rest",
      "openapi",
      "json",
      "Error",
      "Error",
      "Error",
      "Error",
      "Error"
    ],
    "type": "api-reference"
  },
  {
    "objectID": "test:test.com:root.uv.api-reference.subpackage_transcripts.endpoint_transcripts.getParagraphs",
    "org_id": "test",
    "domain": "test.com",
    "canonicalPathname": "/docs/api-reference/transcripts/get-paragraphs",
    "pathname": "/docs/api-reference/transcripts/get-paragraphs",
    "title": "Get paragraphs in transcript",
    "breadcrumb": [
      {
        "title": "API Reference",
        "pathname": "/docs/api-reference"
      },
      {
        "title": "Transcripts",
        "pathname": "/docs/api-reference/transcripts"
      }
    ],
    "visible_by": [
      "role/everyone"
    ],
    "authed": false,
    "page_position": 0,
    "api_type": "http",
    "api_definition_id": "72c824a6-ca97-4592-a585-266e983022de",
    "api_endpoint_id": "endpoint_transcripts.getParagraphs",
    "method": "GET",
    "endpoint_path": "/v2/transcript/:transcript_id/paragraphs",
    "endpoint_path_alternates": [
      "/v2/transcript/{transcript_id}/paragraphs",
      "https://api.assemblyai.com/v2/transcript/:transcript_id/paragraphs",
      "https://api.assemblyai.com/v2/transcript/%7Btranscript_id%7D/paragraphs"
    ],
    "response_type": "json",
    "description": "Get the transcript split by paragraphs. The API will attempt to semantically segment your transcript into paragraphs to create more reader-friendly transcripts.",
    "environments": [
      {
        "id": "Default",
        "url": "https://api.assemblyai.com"
      }
    ],
    "default_environment_id": "Default",
    "keywords": [
      "endpoint",
      "api",
      "http",
      "rest",
      "openapi",
      "json",
      "Error",
      "Error",
      "Error",
      "Error",
      "Error"
    ],
    "type": "api-reference"
  },
  {
    "objectID": "test:test.com:root.uv.api-reference.subpackage_transcripts.endpoint_transcripts.getSubtitles",
    "org_id": "test",
    "domain": "test.com",
    "canonicalPathname": "/docs/api-reference/transcripts/get-subtitles",
    "pathname": "/docs/api-reference/transcripts/get-subtitles",
    "title": "Get subtitles for transcript",
    "breadcrumb": [
      {
        "title": "API Reference",
        "pathname": "/docs/api-reference"
      },
      {
        "title": "Transcripts",
        "pathname": "/docs/api-reference/transcripts"
      }
    ],
    "visible_by": [
      "role/everyone"
    ],
    "authed": false,
    "page_position": 0,
    "api_type": "http",
    "api_definition_id": "72c824a6-ca97-4592-a585-266e983022de",
    "api_endpoint_id": "endpoint_transcripts.getSubtitles",
    "method": "GET",
    "endpoint_path": "/v2/transcript/:transcript_id/:subtitle_format",
    "endpoint_path_alternates": [
      "/v2/transcript/{transcript_id}/{subtitle_format}",
      "https://api.assemblyai.com/v2/transcript/:transcript_id/:subtitle_format",
      "https://api.assemblyai.com/v2/transcript/%7Btranscript_id%7D/%7Bsubtitle_format%7D"
    ],
    "description": "Export your transcript in SRT or VTT format to use with a video player for subtitles and closed captions.",
    "environments": [
      {
        "id": "Default",
        "url": "https://api.assemblyai.com"
      }
    ],
    "default_environment_id": "Default",
    "keywords": [
      "endpoint",
      "api",
      "http",
      "rest",
      "openapi",
      "Error",
      "Error",
      "Error",
      "Error",
      "Error"
    ],
    "type": "api-reference"
  },
  {
    "objectID": "test:test.com:root.uv.api-reference.subpackage_transcripts.endpoint_transcripts.getRedactedAudio",
    "org_id": "test",
    "domain": "test.com",
    "canonicalPathname": "/docs/api-reference/transcripts/get-redacted-audio",
    "pathname": "/docs/api-reference/transcripts/get-redacted-audio",
    "title": "Get redacted audio",
    "breadcrumb": [
      {
        "title": "API Reference",
        "pathname": "/docs/api-reference"
      },
      {
        "title": "Transcripts",
        "pathname": "/docs/api-reference/transcripts"
      }
    ],
    "visible_by": [
      "role/everyone"
    ],
    "authed": false,
    "page_position": 0,
    "api_type": "http",
    "api_definition_id": "72c824a6-ca97-4592-a585-266e983022de",
    "api_endpoint_id": "endpoint_transcripts.getRedactedAudio",
    "method": "GET",
    "endpoint_path": "/v2/transcript/:transcript_id/redacted-audio",
    "endpoint_path_alternates": [
      "/v2/transcript/{transcript_id}/redacted-audio",
      "https://api.assemblyai.com/v2/transcript/:transcript_id/redacted-audio",
      "https://api.assemblyai.com/v2/transcript/%7Btranscript_id%7D/redacted-audio"
    ],
    "response_type": "json",
    "description": "Retrieve the redacted audio object containing the status and URL to the redacted audio.",
    "environments": [
      {
        "id": "Default",
        "url": "https://api.assemblyai.com"
      }
    ],
    "default_environment_id": "Default",
    "keywords": [
      "endpoint",
      "api",
      "http",
      "rest",
      "openapi",
      "json",
      "Error",
      "Error",
      "Error",
      "Error",
      "Error"
    ],
    "type": "api-reference"
  },
  {
    "objectID": "test:test.com:root.uv.api-reference.subpackage_transcripts.endpoint_transcripts.wordSearch",
    "org_id": "test",
    "domain": "test.com",
    "canonicalPathname": "/docs/api-reference/transcripts/word-search",
    "pathname": "/docs/api-reference/transcripts/word-search",
    "title": "Search words in transcript",
    "breadcrumb": [
      {
        "title": "API Reference",
        "pathname": "/docs/api-reference"
      },
      {
        "title": "Transcripts",
        "pathname": "/docs/api-reference/transcripts"
      }
    ],
    "visible_by": [
      "role/everyone"
    ],
    "authed": false,
    "page_position": 0,
    "api_type": "http",
    "api_definition_id": "72c824a6-ca97-4592-a585-266e983022de",
    "api_endpoint_id": "endpoint_transcripts.wordSearch",
    "method": "GET",
    "endpoint_path": "/v2/transcript/:transcript_id/word-search",
    "endpoint_path_alternates": [
      "/v2/transcript/{transcript_id}/word-search",
      "https://api.assemblyai.com/v2/transcript/:transcript_id/word-search",
      "https://api.assemblyai.com/v2/transcript/%7Btranscript_id%7D/word-search"
    ],
    "response_type": "json",
    "description": "Search through the transcript for keywords. You can search for individual words, numbers, or phrases containing up to five words or numbers.",
    "environments": [
      {
        "id": "Default",
        "url": "https://api.assemblyai.com"
      }
    ],
    "default_environment_id": "Default",
    "keywords": [
      "endpoint",
      "api",
      "http",
      "rest",
      "openapi",
      "json",
      "Error",
      "Error",
      "Error",
      "Error",
      "Error"
    ],
    "type": "api-reference"
  },
  {
    "objectID": "test:test.com:root.uv.api-reference.subpackage_transcripts.endpoint_transcripts.list",
    "org_id": "test",
    "domain": "test.com",
    "canonicalPathname": "/docs/api-reference/transcripts/list",
    "pathname": "/docs/api-reference/transcripts/list",
    "title": "List transcripts",
    "breadcrumb": [
      {
        "title": "API Reference",
        "pathname": "/docs/api-reference"
      },
      {
        "title": "Transcripts",
        "pathname": "/docs/api-reference/transcripts"
      }
    ],
    "visible_by": [
      "role/everyone"
    ],
    "authed": false,
    "page_position": 0,
    "api_type": "http",
    "api_definition_id": "72c824a6-ca97-4592-a585-266e983022de",
    "api_endpoint_id": "endpoint_transcripts.list",
    "method": "GET",
    "endpoint_path": "/v2/transcript",
    "endpoint_path_alternates": [
      "/v2/transcript",
      "https://api.assemblyai.com/v2/transcript",
      "https://api.assemblyai.com/v2/transcript"
    ],
    "response_type": "json",
    "description": "Retrieve a list of transcripts you created.\nTranscripts are sorted from newest to oldest. The previous URL always points to a page with older transcripts.",
    "environments": [
      {
        "id": "Default",
        "url": "https://api.assemblyai.com"
      }
    ],
    "default_environment_id": "Default",
    "keywords": [
      "endpoint",
      "api",
      "http",
      "rest",
      "openapi",
      "json",
      "Error",
      "Error",
      "Error",
      "Error",
      "Error"
    ],
    "type": "api-reference"
  },
  {
    "objectID": "test:test.com:root.uv.api-reference.subpackage_transcripts.endpoint_transcripts.delete",
    "org_id": "test",
    "domain": "test.com",
    "canonicalPathname": "/docs/api-reference/transcripts/delete",
    "pathname": "/docs/api-reference/transcripts/delete",
    "title": "Delete transcript",
    "breadcrumb": [
      {
        "title": "API Reference",
        "pathname": "/docs/api-reference"
      },
      {
        "title": "Transcripts",
        "pathname": "/docs/api-reference/transcripts"
      }
    ],
    "visible_by": [
      "role/everyone"
    ],
    "authed": false,
    "page_position": 0,
    "api_type": "http",
    "api_definition_id": "72c824a6-ca97-4592-a585-266e983022de",
    "api_endpoint_id": "endpoint_transcripts.delete",
    "method": "DELETE",
    "endpoint_path": "/v2/transcript/:transcript_id",
    "endpoint_path_alternates": [
      "/v2/transcript/{transcript_id}",
      "https://api.assemblyai.com/v2/transcript/:transcript_id",
      "https://api.assemblyai.com/v2/transcript/%7Btranscript_id%7D"
    ],
    "response_type": "json",
    "description": "Delete the transcript.\nDeleting does not delete the resource itself, but removes the data from the resource and marks it as deleted.",
    "environments": [
      {
        "id": "Default",
        "url": "https://api.assemblyai.com"
      }
    ],
    "default_environment_id": "Default",
    "keywords": [
      "endpoint",
      "api",
      "http",
      "rest",
      "openapi",
      "json",
      "Error",
      "Error",
      "Error",
      "Error",
      "Error"
    ],
    "type": "api-reference"
  },
  {
    "objectID": "test:test.com:root.uv.api-reference.subpackage_lemur.endpoint_lemur.task",
    "org_id": "test",
    "domain": "test.com",
    "canonicalPathname": "/docs/api-reference/lemur/task",
    "pathname": "/docs/api-reference/lemur/task",
    "title": "Run a task using LeMUR",
    "breadcrumb": [
      {
        "title": "API Reference",
        "pathname": "/docs/api-reference"
      },
      {
        "title": "LeMUR",
        "pathname": "/docs/api-reference/lemur"
      }
    ],
    "visible_by": [
      "role/everyone"
    ],
    "authed": false,
    "page_position": 0,
    "api_type": "http",
    "api_definition_id": "72c824a6-ca97-4592-a585-266e983022de",
    "api_endpoint_id": "endpoint_lemur.task",
    "method": "POST",
    "endpoint_path": "/lemur/v3/generate/task",
    "endpoint_path_alternates": [
      "/lemur/v3/generate/task",
      "https://api.assemblyai.com/lemur/v3/generate/task",
      "https://api.assemblyai.com/lemur/v3/generate/task"
    ],
    "response_type": "json",
    "description": "Use the LeMUR task endpoint to input your own LLM prompt.",
    "environments": [
      {
        "id": "Default",
        "url": "https://api.assemblyai.com"
      }
    ],
    "default_environment_id": "Default",
    "keywords": [
      "endpoint",
      "api",
      "http",
      "rest",
      "openapi",
      "json",
      "Error",
      "Error",
      "Error",
      "Error",
      "Error"
    ],
    "type": "api-reference"
  },
  {
    "objectID": "test:test.com:root.uv.api-reference.subpackage_lemur.endpoint_lemur.summary",
    "org_id": "test",
    "domain": "test.com",
    "canonicalPathname": "/docs/api-reference/lemur/summary",
    "pathname": "/docs/api-reference/lemur/summary",
    "title": "Summarize a transcript using LeMUR",
    "breadcrumb": [
      {
        "title": "API Reference",
        "pathname": "/docs/api-reference"
      },
      {
        "title": "LeMUR",
        "pathname": "/docs/api-reference/lemur"
      }
    ],
    "visible_by": [
      "role/everyone"
    ],
    "authed": false,
    "page_position": 0,
    "api_type": "http",
    "api_definition_id": "72c824a6-ca97-4592-a585-266e983022de",
    "api_endpoint_id": "endpoint_lemur.summary",
    "method": "POST",
    "endpoint_path": "/lemur/v3/generate/summary",
    "endpoint_path_alternates": [
      "/lemur/v3/generate/summary",
      "https://api.assemblyai.com/lemur/v3/generate/summary",
      "https://api.assemblyai.com/lemur/v3/generate/summary"
    ],
    "response_type": "json",
    "description": "Custom Summary allows you to distill a piece of audio into a few impactful sentences.\nYou can give the model context to obtain more targeted results while outputting the results in a variety of formats described in human language.",
    "environments": [
      {
        "id": "Default",
        "url": "https://api.assemblyai.com"
      }
    ],
    "default_environment_id": "Default",
    "keywords": [
      "endpoint",
      "api",
      "http",
      "rest",
      "openapi",
      "json",
      "Error",
      "Error",
      "Error",
      "Error",
      "Error"
    ],
    "type": "api-reference"
  },
  {
    "objectID": "test:test.com:root.uv.api-reference.subpackage_lemur.endpoint_lemur.questionAnswer",
    "org_id": "test",
    "domain": "test.com",
    "canonicalPathname": "/docs/api-reference/lemur/question-answer",
    "pathname": "/docs/api-reference/lemur/question-answer",
    "title": "Ask questions using LeMUR",
    "breadcrumb": [
      {
        "title": "API Reference",
        "pathname": "/docs/api-reference"
      },
      {
        "title": "LeMUR",
        "pathname": "/docs/api-reference/lemur"
      }
    ],
    "visible_by": [
      "role/everyone"
    ],
    "authed": false,
    "page_position": 0,
    "api_type": "http",
    "api_definition_id": "72c824a6-ca97-4592-a585-266e983022de",
    "api_endpoint_id": "endpoint_lemur.questionAnswer",
    "method": "POST",
    "endpoint_path": "/lemur/v3/generate/question-answer",
    "endpoint_path_alternates": [
      "/lemur/v3/generate/question-answer",
      "https://api.assemblyai.com/lemur/v3/generate/question-answer",
      "https://api.assemblyai.com/lemur/v3/generate/question-answer"
    ],
    "response_type": "json",
    "description": "Question & Answer allows you to ask free-form questions about a single transcript or a group of transcripts.\nThe questions can be any whose answers you find useful, such as judging whether a caller is likely to become a customer or whether all items on a meeting's agenda were covered.",
    "environments": [
      {
        "id": "Default",
        "url": "https://api.assemblyai.com"
      }
    ],
    "default_environment_id": "Default",
    "keywords": [
      "endpoint",
      "api",
      "http",
      "rest",
      "openapi",
      "json",
      "Error",
      "Error",
      "Error",
      "Error",
      "Error"
    ],
    "type": "api-reference"
  },
  {
    "objectID": "test:test.com:root.uv.api-reference.subpackage_lemur.endpoint_lemur.actionItems",
    "org_id": "test",
    "domain": "test.com",
    "canonicalPathname": "/docs/api-reference/lemur/action-items",
    "pathname": "/docs/api-reference/lemur/action-items",
    "title": "Extract action items",
    "breadcrumb": [
      {
        "title": "API Reference",
        "pathname": "/docs/api-reference"
      },
      {
        "title": "LeMUR",
        "pathname": "/docs/api-reference/lemur"
      }
    ],
    "visible_by": [
      "role/everyone"
    ],
    "authed": false,
    "page_position": 0,
    "api_type": "http",
    "api_definition_id": "72c824a6-ca97-4592-a585-266e983022de",
    "api_endpoint_id": "endpoint_lemur.actionItems",
    "method": "POST",
    "endpoint_path": "/lemur/v3/generate/action-items",
    "endpoint_path_alternates": [
      "/lemur/v3/generate/action-items",
      "https://api.assemblyai.com/lemur/v3/generate/action-items",
      "https://api.assemblyai.com/lemur/v3/generate/action-items"
    ],
    "response_type": "json",
    "description": "Use LeMUR to generate a list of action items from a transcript",
    "environments": [
      {
        "id": "Default",
        "url": "https://api.assemblyai.com"
      }
    ],
    "default_environment_id": "Default",
    "keywords": [
      "endpoint",
      "api",
      "http",
      "rest",
      "openapi",
      "json",
      "Error",
      "Error",
      "Error",
      "Error",
      "Error"
    ],
    "type": "api-reference"
  },
  {
    "objectID": "test:test.com:root.uv.api-reference.subpackage_lemur.endpoint_lemur.purgeRequestData",
    "org_id": "test",
    "domain": "test.com",
    "canonicalPathname": "/docs/api-reference/lemur/purge-request-data",
    "pathname": "/docs/api-reference/lemur/purge-request-data",
    "title": "Purge LeMUR request data",
    "breadcrumb": [
      {
        "title": "API Reference",
        "pathname": "/docs/api-reference"
      },
      {
        "title": "LeMUR",
        "pathname": "/docs/api-reference/lemur"
      }
    ],
    "visible_by": [
      "role/everyone"
    ],
    "authed": false,
    "page_position": 0,
    "api_type": "http",
    "api_definition_id": "72c824a6-ca97-4592-a585-266e983022de",
    "api_endpoint_id": "endpoint_lemur.purgeRequestData",
    "method": "DELETE",
    "endpoint_path": "/lemur/v3/:request_id",
    "endpoint_path_alternates": [
      "/lemur/v3/{request_id}",
      "https://api.assemblyai.com/lemur/v3/:request_id",
      "https://api.assemblyai.com/lemur/v3/%7Brequest_id%7D"
    ],
    "response_type": "json",
    "description": "Delete the data for a previously submitted LeMUR request.\nThe LLM response data, as well as any context provided in the original request will be removed.",
    "environments": [
      {
        "id": "Default",
        "url": "https://api.assemblyai.com"
      }
    ],
    "default_environment_id": "Default",
    "keywords": [
      "endpoint",
      "api",
      "http",
      "rest",
      "openapi",
      "json",
      "Error",
      "Error",
      "Error",
      "Error",
      "Error"
    ],
    "type": "api-reference"
  },
  {
    "objectID": "test:test.com:root.uv.api-reference.subpackage_streaming.endpoint_realtime.createTemporaryToken",
    "org_id": "test",
    "domain": "test.com",
    "canonicalPathname": "/docs/api-reference/streaming/create-temporary-token",
    "pathname": "/docs/api-reference/streaming/create-temporary-token",
    "title": "Create temporary authentication token for Streaming STT",
    "breadcrumb": [
      {
        "title": "API Reference",
        "pathname": "/docs/api-reference"
      },
      {
        "title": "Streaming",
        "pathname": "/docs/api-reference/streaming"
      }
    ],
    "visible_by": [
      "role/everyone"
    ],
    "authed": false,
    "page_position": 0,
    "api_type": "http",
    "api_definition_id": "72c824a6-ca97-4592-a585-266e983022de",
    "api_endpoint_id": "endpoint_realtime.createTemporaryToken",
    "method": "POST",
    "endpoint_path": "/v2/realtime/token",
    "endpoint_path_alternates": [
      "/v2/realtime/token",
      "https://api.assemblyai.com/v2/realtime/token",
      "https://api.assemblyai.com/v2/realtime/token"
    ],
    "response_type": "json",
    "description": "Create a temporary authentication token for Streaming Speech-to-Text",
    "environments": [
      {
        "id": "Default",
        "url": "https://api.assemblyai.com"
      }
    ],
    "default_environment_id": "Default",
    "keywords": [
      "endpoint",
      "api",
      "http",
      "rest",
      "openapi",
      "json",
      "Error",
      "Error",
      "Error",
      "Error",
      "Error"
    ],
    "type": "api-reference"
  },
  {
    "objectID": "test:test.com:root.uv.api-reference.subpackage_streaming.subpackage_streaming.streaming",
    "org_id": "test",
    "domain": "test.com",
    "canonicalPathname": "/docs/api-reference/streaming/streaming",
    "pathname": "/docs/api-reference/streaming/streaming",
    "title": "Streaming",
    "breadcrumb": [
      {
        "title": "API Reference",
        "pathname": "/docs/api-reference"
      },
      {
        "title": "Streaming",
        "pathname": "/docs/api-reference/streaming"
      }
    ],
    "visible_by": [
      "role/everyone"
    ],
    "authed": false,
    "page_position": 0,
    "api_type": "websocket",
    "api_definition_id": "72c824a6-ca97-4592-a585-266e983022de",
    "api_endpoint_id": "subpackage_streaming.streaming",
    "method": "GET",
    "endpoint_path": "/v2/realtime/ws",
    "endpoint_path_alternates": [
      "/v2/realtime/ws",
      "wss://api.assemblyai.com/v2/realtime/ws",
      "wss://api.assemblyai.com/v2/realtime/ws"
    ],
    "environments": [
      {
        "id": "Default",
        "url": "wss://api.assemblyai.com"
      }
    ],
    "default_environment_id": "Default",
    "keywords": [
      "endpoint",
      "api",
      "websocket",
      "web socket",
      "stream",
      "receiveMessage",
      "sendMessage"
    ],
    "type": "api-reference"
  }
]