[
  {
    "authed": false,
    "breadcrumb": [],
    "content": "The Ferry Health API provides programmatic access to Appointment Tasks.
Use the API to:
Create Appointment Tasks

Load Appointment Tasks",
    "domain": "test.com",
    "objectID": "test:test.com:root.uv.overview",
    "org_id": "test",
    "pathname": "/",
    "title": "Ferry Health API",
    "type": "markdown",
    "visible_by": [
      "0",
    ],
  },
  {
    "authed": false,
    "breadcrumb": [],
    "code_snippets": [
      {
        "code": ""Authorization": "Bearer <YOUR TOKEN>"",
        "lang": "json",
      },
    ],
    "content": "To use the Ferry API, you'll need an API key. If you don't have one already, please
reach out to get one: support@ferry.health.
In all API requests, you should provide your token using the Authorization
header with the "Bearer " prefix:",
    "domain": "test.com",
    "hash": "#authentication",
    "hierarchy": {
      "h0": {
        "title": "Ferry Health API",
      },
      "h2": {
        "id": "authentication",
        "title": "Authentication",
      },
    },
    "level": "h2",
    "objectID": "test:test.com:root.uv.overview-authentication",
    "org_id": "test",
    "pathname": "/",
    "title": "Authentication",
    "type": "markdown",
    "visible_by": [
      "0",
    ],
  },
  {
    "authed": false,
    "breadcrumb": [],
    "code_snippets": [
      {
        "code": "{
  "appointmentTaskId": "ferry.task-appointment.a3327c6c-1cc2-4f56-a137-6c457550a04e",
  "status": "AVAILABLE",
  "patient": {
    "firstName": "Jane",
    "lastName": "Smith",
    "sex": "Female",
    "dateOfBirth": "1980-01-01",
    "homeAddress": "123 Happy Lane, New York, NY 11211",
    "insurancePlan": "Aetna - Managed Choice Open Access",
    "memberId": "123456"
  },
  "results": {
    "appointmentAvailabilities": [
      {
        "provider": {
          "npi": "1234567890",
          "firstName": "Jane",
          "lastName": "Smith"
        },
        "location": {
          "name": "Louisville Health Center",
          "address": "123 Happy Lane, Louisville KY 01234"
        },
        "nextAvailableAppointments": [
          "2024-09-15T12:00:00.000Z",
          "2024-09-18T14:00:00.000Z",
          "2024-09-20T11:45:00.000Z"
        ],
        "availabilityNotes": "Scheduling 2 weeks out",
        "reasonForInclusion": "CLOSEST_LOCATION"
      }
    ]
  }
}",
        "lang": "json",
        "meta": "Available Task",
      },
    ],
    "content": "You can create Appointment Tasks to initiate a search for providers. See the
/create-appointment-task endpoint for the
available request properties.
When you create an Appointment Task, we will return an appointmentTaskId, and Ferry will asynchronously
compile a list of providers with validated availability. You can poll for the status of a task using
the /get-appointment-task endpoint.
Once the task is in the "AVAILABLE" state, it will include some appointment availabilities:",
    "domain": "test.com",
    "hash": "#appointment-tasks",
    "hierarchy": {
      "h0": {
        "title": "Ferry Health API",
      },
      "h2": {
        "id": "appointment-tasks",
        "title": "Appointment Tasks",
      },
    },
    "level": "h2",
    "objectID": "test:test.com:root.uv.overview-appointment-tasks",
    "org_id": "test",
    "pathname": "/",
    "title": "Appointment Tasks",
    "type": "markdown",
    "visible_by": [
      "0",
    ],
  },
  {
    "api_definition_id": "b20d860e-c8a8-4c88-96b3-61f801a57f31",
    "api_endpoint_id": "endpoint_.CreateAppointmentTask",
    "api_type": "http",
    "authed": false,
    "breadcrumb": [
      {
        "pathname": "/api-reference",
        "title": "API Reference",
      },
      {
        "pathname": "/api-reference/appointment-tasks",
        "title": "Appointment Tasks",
      },
    ],
    "default_environment_id": "Default",
    "description": "Create an appointment task for a patient.
Once you create a task, Ferry will asynchronously process the task to find providers with validated availability. You can poll for the status of the task with the Get Appointment Task endpoint.",
    "domain": "test.com",
    "endpoint_path": "/api/v1/appointment-tasks/create",
    "environments": [
      {
        "id": "Default",
        "url": "https://api.ferry.health",
      },
    ],
    "method": "POST",
    "objectID": "test:test.com:b20d860e-c8a8-4c88-96b3-61f801a57f31.CreateAppointmentTask",
    "org_id": "test",
    "pathname": "/api-reference/appointment-tasks/create-appointment-task",
    "title": "Create Appointment Task",
    "type": "api-reference",
    "visible_by": [
      "0",
    ],
  },
  {
    "api_definition_id": "b20d860e-c8a8-4c88-96b3-61f801a57f31",
    "api_endpoint_id": "endpoint_.GetAppointmentTask",
    "api_type": "http",
    "authed": false,
    "breadcrumb": [
      {
        "pathname": "/api-reference",
        "title": "API Reference",
      },
      {
        "pathname": "/api-reference/appointment-tasks",
        "title": "Appointment Tasks",
      },
    ],
    "default_environment_id": "Default",
    "description": "Load a task by its ID.",
    "domain": "test.com",
    "endpoint_path": "/api/v1/appointment-tasks/:appointmentTaskId",
    "environments": [
      {
        "id": "Default",
        "url": "https://api.ferry.health",
      },
    ],
    "method": "GET",
    "objectID": "test:test.com:b20d860e-c8a8-4c88-96b3-61f801a57f31.GetAppointmentTask",
    "org_id": "test",
    "pathname": "/api-reference/appointment-tasks/get-appointment-task",
    "title": "Get Appointment Task",
    "type": "api-reference",
    "visible_by": [
      "0",
    ],
  },
  {
    "api_definition_id": "b20d860e-c8a8-4c88-96b3-61f801a57f31",
    "api_endpoint_id": "endpoint_.CancelAppointmentTask",
    "api_type": "http",
    "authed": false,
    "breadcrumb": [
      {
        "pathname": "/api-reference",
        "title": "API Reference",
      },
      {
        "pathname": "/api-reference/appointment-tasks",
        "title": "Appointment Tasks",
      },
    ],
    "default_environment_id": "Default",
    "description": "Cancel a task. This stops Ferry from processing the task.",
    "domain": "test.com",
    "endpoint_path": "/api/v1/appointment-tasks/:appointmentTaskId/cancel",
    "environments": [
      {
        "id": "Default",
        "url": "https://api.ferry.health",
      },
    ],
    "method": "POST",
    "objectID": "test:test.com:b20d860e-c8a8-4c88-96b3-61f801a57f31.CancelAppointmentTask",
    "org_id": "test",
    "pathname": "/api-reference/appointment-tasks/cancel-appointment-task",
    "title": "Cancel Appointment Task",
    "type": "api-reference",
    "visible_by": [
      "0",
    ],
  },
  {
    "api_definition_id": "b20d860e-c8a8-4c88-96b3-61f801a57f31",
    "api_endpoint_id": "endpoint_.GetAllAppointmentTasks",
    "api_type": "http",
    "authed": false,
    "breadcrumb": [
      {
        "pathname": "/api-reference",
        "title": "API Reference",
      },
      {
        "pathname": "/api-reference/appointment-tasks",
        "title": "Appointment Tasks",
      },
    ],
    "default_environment_id": "Default",
    "description": "Get all appointment task IDs. You can load the details of a task using the Get Appointment Task endpoint.",
    "domain": "test.com",
    "endpoint_path": "/api/v1/appointment-tasks",
    "environments": [
      {
        "id": "Default",
        "url": "https://api.ferry.health",
      },
    ],
    "method": "GET",
    "objectID": "test:test.com:b20d860e-c8a8-4c88-96b3-61f801a57f31.GetAllAppointmentTasks",
    "org_id": "test",
    "pathname": "/api-reference/appointment-tasks/get-all-appointment-tasks",
    "title": "Get All Appointment Tasks",
    "type": "api-reference",
    "visible_by": [
      "0",
    ],
  },
  {
    "authed": false,
    "breadcrumb": [],
    "domain": "test.com",
    "node_type": "root",
    "objectID": "test:test.com:root__navigation_record",
    "org_id": "test",
    "pathname": "/",
    "title": "Documentation",
    "type": "navigation",
    "visible_by": [
      "0",
    ],
  },
  {
    "authed": false,
    "breadcrumb": [],
    "domain": "test.com",
    "node_type": "apiReference",
    "objectID": "test:test.com:b20d860e-c8a8-4c88-96b3-61f801a57f31__navigation_record",
    "org_id": "test",
    "pathname": "/api-reference",
    "title": "API Reference",
    "type": "navigation",
    "visible_by": [
      "0",
    ],
  },
  {
    "authed": false,
    "breadcrumb": [
      {
        "pathname": "/api-reference",
        "title": "API Reference",
      },
    ],
    "domain": "test.com",
    "node_type": "apiPackage",
    "objectID": "test:test.com:b20d860e-c8a8-4c88-96b3-61f801a57f31.appointment-tasks__navigation_record",
    "org_id": "test",
    "pathname": "/api-reference/appointment-tasks",
    "title": "Appointment Tasks",
    "type": "navigation",
    "visible_by": [
      "0",
    ],
  },
  {
    "authed": false,
    "breadcrumb": [
      {
        "pathname": "/api-reference",
        "title": "API Reference",
      },
      {
        "pathname": "/api-reference/appointment-tasks",
        "title": "Appointment Tasks",
      },
    ],
    "domain": "test.com",
    "node_type": "endpoint",
    "objectID": "test:test.com:b20d860e-c8a8-4c88-96b3-61f801a57f31.CreateAppointmentTask__navigation_record",
    "org_id": "test",
    "pathname": "/api-reference/appointment-tasks/create-appointment-task",
    "title": "Create Appointment Task",
    "type": "navigation",
    "visible_by": [
      "0",
    ],
  },
  {
    "authed": false,
    "breadcrumb": [
      {
        "pathname": "/api-reference",
        "title": "API Reference",
      },
      {
        "pathname": "/api-reference/appointment-tasks",
        "title": "Appointment Tasks",
      },
    ],
    "domain": "test.com",
    "node_type": "endpoint",
    "objectID": "test:test.com:b20d860e-c8a8-4c88-96b3-61f801a57f31.GetAppointmentTask__navigation_record",
    "org_id": "test",
    "pathname": "/api-reference/appointment-tasks/get-appointment-task",
    "title": "Get Appointment Task",
    "type": "navigation",
    "visible_by": [
      "0",
    ],
  },
  {
    "authed": false,
    "breadcrumb": [
      {
        "pathname": "/api-reference",
        "title": "API Reference",
      },
      {
        "pathname": "/api-reference/appointment-tasks",
        "title": "Appointment Tasks",
      },
    ],
    "domain": "test.com",
    "node_type": "endpoint",
    "objectID": "test:test.com:b20d860e-c8a8-4c88-96b3-61f801a57f31.CancelAppointmentTask__navigation_record",
    "org_id": "test",
    "pathname": "/api-reference/appointment-tasks/cancel-appointment-task",
    "title": "Cancel Appointment Task",
    "type": "navigation",
    "visible_by": [
      "0",
    ],
  },
  {
    "authed": false,
    "breadcrumb": [
      {
        "pathname": "/api-reference",
        "title": "API Reference",
      },
      {
        "pathname": "/api-reference/appointment-tasks",
        "title": "Appointment Tasks",
      },
    ],
    "domain": "test.com",
    "node_type": "endpoint",
    "objectID": "test:test.com:b20d860e-c8a8-4c88-96b3-61f801a57f31.GetAllAppointmentTasks__navigation_record",
    "org_id": "test",
    "pathname": "/api-reference/appointment-tasks/get-all-appointment-tasks",
    "title": "Get All Appointment Tasks",
    "type": "navigation",
    "visible_by": [
      "0",
    ],
  },
]