// Vitest Snapshot v1, https://vitest.dev/guide/snapshot.html

exports[`CopyToClipboardButton > renders correctly 1`] = `
<button
  aria-disabled={false}
  className="fern-copy-button group fern-button minimal normal rounded square"
  data-state="closed"
  data-testid="copy-btn"
  onBlur={[Function]}
  onClick={[Function]}
  onClickCapture={[Function]}
  onFocus={[Function]}
  onPointerDown={[Function]}
  onPointerLeave={[Function]}
  onPointerMove={[Function]}
  tabIndex={0}
>
  <span
    className="fern-button-content"
  >
    <svg
      color="currentColor"
      fill="none"
      height="1.5em"
      strokeWidth={1.5}
      viewBox="0 0 24 24"
      width="1.5em"
      xmlns="http://www.w3.org/2000/svg"
    >
      <path
        d="M19.4 20H9.6C9.26863 20 9 19.7314 9 19.4V9.6C9 9.26863 9.26863 9 9.6 9H19.4C19.7314 9 20 9.26863 20 9.6V19.4C20 19.7314 19.7314 20 19.4 20Z"
        stroke="currentColor"
        strokeLinecap="round"
        strokeLinejoin="round"
      />
      <path
        d="M15 9V4.6C15 4.26863 14.7314 4 14.4 4H4.6C4.26863 4 4 4.26863 4 4.6V14.4C4 14.7314 4.26863 15 4.6 15H9"
        stroke="currentColor"
        strokeLinecap="round"
        strokeLinejoin="round"
      />
    </svg>
  </span>
</button>
`;
