{
  "id": "test-uuid-replacement",
  "types": {
    "PetId": {
      "name": "PetId",
      "shape": {
        "type": "alias",
        "value": {
          "type": "primitive",
          "value": {
            "type": "integer",
            "minimum": 0
          }
        }
      }
    },
    "Pet": {
      "name": "Pet",
      "shape": {
        "type": "object",
        "extends": [],
        "properties": [
          {
            "key": "id",
            "valueShape": {
              "type": "alias",
              "value": {
                "type": "id",
                "id": "PetId"
              }
            }
          },
          {
            "key": "name",
            "valueShape": {
              "type": "alias",
              "value": {
                "type": "primitive",
                "value": {
                  "type": "string"
                }
              }
            }
          },
          {
            "key": "tag",
            "valueShape": {
              "type": "alias",
              "value": {
                "type": "optional",
                "shape": {
                  "type": "alias",
                  "value": {
                    "type": "primitive",
                    "value": {
                      "type": "string"
                    }
                  }
                }
              }
            }
          }
        ]
      }
    },
    "Pets": {
      "name": "Pets",
      "shape": {
        "type": "alias",
        "value": {
          "type": "list",
          "itemShape": {
            "type": "alias",
            "value": {
              "type": "id",
              "id": "Pet"
            }
          }
        }
      }
    }
  },
  "endpoints": {
    "list_pets": {
      "id": "list_pets",
      "displayName": "list_pets",
      "method": "POST",
      "path": [
        {
          "type": "pathParameter",
          "value": "apiKey"
        }
      ],
      "pathParameters": [
        {
          "key": "apiKey",
          "valueShape": {
            "type": "alias",
            "value": {
              "type": "primitive",
              "value": {
                "type": "string"
              }
            }
          }
        }
      ],
      "queryParameters": [],
      "requests": [
        {
          "contentType": "application/json",
          "body": {
            "type": "object",
            "extends": [],
            "properties": [
              {
                "key": "limit",
                "valueShape": {
                  "type": "alias",
                  "value": {
                    "type": "optional",
                    "shape": {
                      "type": "alias",
                      "value": {
                        "type": "primitive",
                        "value": {
                          "type": "integer",
                          "minimum": 1
                        }
                      }
                    }
                  }
                },
                "description": "How many items to return at one time (max 100)"
              }
            ]
          }
        }
      ],
      "responses": [
        {
          "statusCode": 200,
          "body": {
            "type": "alias",
            "value": {
              "type": "id",
              "id": "Pets"
            }
          }
        }
      ],
      "errors": [],
      "examples": [
        {
          "name": "listPetExample",
          "path": "",
          "pathParameters": {},
          "queryParameters": {},
          "headers": {},
          "requestBody": {
            "type": "json",
            "value": {
              "id": 1,
              "jsonrpc": "2.0",
              "method": "list_pets",
              "params": [
                1
              ]
            }
          },
          "responseStatusCode": 200,
          "responseBody": {
            "type": "json",
            "value": {
              "name": "listPetResultExample",
              "value": [
                {
                  "id": 7,
                  "name": "fluffy",
                  "tag": "poodle"
                }
              ]
            }
          }
        }
      ],
      "description": "List all pets",
      "operationId": "list_pets",
      "environments": [
        {
          "id": "http://localhost:8080",
          "baseUrl": "http://localhost:8080"
        }
      ],
      "requestHeaders": [],
      "responseHeaders": [],
      "namespace": [
        "pets"
      ]
    },
    "create_pet": {
      "id": "create_pet",
      "displayName": "create_pet",
      "method": "POST",
      "path": [
        {
          "type": "pathParameter",
          "value": "apiKey"
        }
      ],
      "pathParameters": [
        {
          "key": "apiKey",
          "valueShape": {
            "type": "alias",
            "value": {
              "type": "primitive",
              "value": {
                "type": "string"
              }
            }
          }
        }
      ],
      "queryParameters": [],
      "requests": [
        {
          "contentType": "application/json",
          "body": {
            "type": "object",
            "extends": [],
            "properties": [
              {
                "key": "newPetName",
                "valueShape": {
                  "type": "alias",
                  "value": {
                    "type": "primitive",
                    "value": {
                      "type": "string"
                    }
                  }
                },
                "description": "Name of pet to create"
              },
              {
                "key": "newPetTag",
                "valueShape": {
                  "type": "alias",
                  "value": {
                    "type": "optional",
                    "shape": {
                      "type": "alias",
                      "value": {
                        "type": "primitive",
                        "value": {
                          "type": "string"
                        }
                      }
                    }
                  }
                },
                "description": "Pet tag to create"
              }
            ]
          }
        }
      ],
      "responses": [
        {
          "statusCode": 200,
          "body": {
            "type": "alias",
            "value": {
              "type": "id",
              "id": "PetId"
            }
          }
        }
      ],
      "errors": [],
      "examples": [
        {
          "name": "createPetExample",
          "path": "",
          "pathParameters": {},
          "queryParameters": {},
          "headers": {},
          "requestBody": {
            "type": "json",
            "value": {
              "id": 1,
              "jsonrpc": "2.0",
              "method": "create_pet",
              "params": [
                "fluffy",
                "poodle"
              ]
            }
          },
          "responseStatusCode": 200,
          "responseBody": {
            "type": "json",
            "value": {
              "name": "listPetResultExample",
              "value": 7
            }
          }
        }
      ],
      "description": "Create a pet",
      "operationId": "create_pet",
      "environments": [
        {
          "id": "http://localhost:8080",
          "baseUrl": "http://localhost:8080"
        }
      ],
      "requestHeaders": [],
      "responseHeaders": [],
      "namespace": [
        "pets"
      ]
    },
    "get_pet": {
      "id": "get_pet",
      "displayName": "get_pet",
      "method": "POST",
      "path": [
        {
          "type": "pathParameter",
          "value": "apiKey"
        }
      ],
      "pathParameters": [
        {
          "key": "apiKey",
          "valueShape": {
            "type": "alias",
            "value": {
              "type": "primitive",
              "value": {
                "type": "string"
              }
            }
          }
        }
      ],
      "queryParameters": [],
      "requests": [
        {
          "contentType": "application/json",
          "body": {
            "type": "object",
            "extends": [],
            "properties": [
              {
                "key": "petId",
                "valueShape": {
                  "type": "alias",
                  "value": {
                    "type": "id",
                    "id": "PetId"
                  }
                },
                "description": "The id of the pet to retrieve"
              }
            ]
          }
        }
      ],
      "responses": [
        {
          "statusCode": 200,
          "body": {
            "type": "alias",
            "value": {
              "type": "id",
              "id": "Pet"
            }
          }
        }
      ],
      "errors": [],
      "examples": [
        {
          "name": "getPetExample",
          "path": "",
          "pathParameters": {},
          "queryParameters": {},
          "headers": {},
          "requestBody": {
            "type": "json",
            "value": {
              "id": 1,
              "jsonrpc": "2.0",
              "method": "get_pet",
              "params": [
                7
              ]
            }
          },
          "responseStatusCode": 200,
          "responseBody": {
            "type": "json",
            "value": {
              "name": "getPetExampleResult",
              "value": {
                "name": "fluffy",
                "tag": "poodle",
                "id": 7
              }
            }
          }
        }
      ],
      "description": "Info for a specific pet",
      "operationId": "get_pet",
      "environments": [
        {
          "id": "http://localhost:8080",
          "baseUrl": "http://localhost:8080"
        }
      ],
      "requestHeaders": [],
      "responseHeaders": [],
      "namespace": [
        "pets"
      ]
    }
  },
  "websockets": {},
  "webhooks": {},
  "subpackages": {
    "pets": {
      "id": "pets",
      "name": "pets",
      "displayName": "pets"
    }
  },
  "auths": {},
  "globalHeaders": []
}