// Vitest Snapshot v1, https://vitest.dev/guide/snapshot.html

exports[`Snippet Template Resolver > Test Chat Completion snippet 1`] = `
"

const cohere = new CohereClient({ token: "YOUR_TOKEN", clientName: "YOUR_CLIENT_NAME" });

await cohere.chatStream(
	{
		message: "Hello world!"
	}
)"
`;
