[
  {
    "message": "Invalid example, expected object for json",
    "path": [
      "paths",
      "/test",
      "post",
      "responses",
      "content",
      "application/json",
      "examples",
      "",
    ],
  },
]