[
  {
    "message": "Reference object does not have a valid schema ID",
    "path": [
      "paths",
      "/example",
      "get",
      "responses",
      "content",
      "application/json",
      "type",
    ],
  },
]