[
  {
    "message": "Error converting node. Please contact support if the error persists",
    "path": [
      "paths",
      "/user",
      "get",
    ],
  },
  {
    "message": "Error converting node. Please contact support if the error persists",
    "path": [
      "paths",
      "/users",
      "get",
    ],
  },
]