[
  {
    "message": "Error converting node. Please contact support if the error persists",
    "path": [
      "paths",
      "/auth/user",
      "get",
    ],
  },
]