version https://git-lfs.github.com/spec/v1
oid sha256:7179caa7e96fc0dbf96fead65062fd2f705aa297f08833843c4f986d463bcd48
size 308860
