{
  "id": "test-uuid-replacement",
  "endpoints": {
    "endpoint_.Get": {
      "id": "endpoint_.Get",
      "operationId": "Get",
      "method": "GET",
      "path": [
        {
          "type": "literal",
          "value": "/"
        },
        {
          "type": "literal",
          "value": "get"
        }
      ],
      "environments": [],
      "requests": [
        {
          "contentType": "application/json",
          "body": {
            "type": "alias",
            "value": {
              "type": "id",
              "id": "Request"
            }
          }
        }
      ],
      "responses": [
        {
          "statusCode": 200,
          "body": {
            "type": "alias",
            "value": {
              "type": "id",
              "id": "Response"
            }
          },
          "description": "A simple API response."
        }
      ],
      "errors": [],
      "examples": [
        {
          "path": "/get",
          "responseStatusCode": 200,
          "requestBody": {
            "type": "json",
            "value": {
              "id": "id"
            }
          },
          "responseBody": {
            "type": "json",
            "value": {
              "value": 0
            }
          }
        }
      ],
      "protocol": {
        "type": "rest"
      }
    }
  },
  "websockets": {},
  "webhooks": {},
  "types": {
    "Request": {
      "name": "A simple request title",
      "shape": {
        "type": "object",
        "extends": [],
        "properties": [
          {
            "key": "id",
            "valueShape": {
              "type": "alias",
              "value": {
                "type": "nullable",
                "shape": {
                  "type": "alias",
                  "value": {
                    "type": "primitive",
                    "value": {
                      "type": "string"
                    }
                  }
                }
              }
            },
            "description": "An optional string value.\n"
          }
        ]
      },
      "description": "A generic request type used throughout the API.\n"
    },
    "Response": {
      "name": "A simple response title",
      "shape": {
        "type": "object",
        "extends": [],
        "properties": [
          {
            "key": "value",
            "valueShape": {
              "type": "alias",
              "value": {
                "type": "nullable",
                "shape": {
                  "type": "alias",
                  "value": {
                    "type": "primitive",
                    "value": {
                      "type": "double"
                    }
                  }
                }
              }
            },
            "description": "An optional numerical value.\n"
          }
        ]
      },
      "description": "A generic response type used throughout the API.\n"
    },
    "SampleUnion": {
      "name": "SampleUnion",
      "shape": {
        "type": "discriminatedUnion",
        "discriminant": "type",
        "variants": [
          {
            "discriminantValue": "request",
            "displayName": "A simple request title",
            "description": "A generic request type used throughout the API.\n",
            "type": "object",
            "extends": [],
            "properties": [
              {
                "key": "id",
                "valueShape": {
                  "type": "alias",
                  "value": {
                    "type": "nullable",
                    "shape": {
                      "type": "alias",
                      "value": {
                        "type": "primitive",
                        "value": {
                          "type": "string"
                        }
                      }
                    }
                  }
                },
                "description": "An optional string value.\n"
              }
            ]
          },
          {
            "discriminantValue": "response",
            "displayName": "A simple response title",
            "description": "A generic response type used throughout the API.\n",
            "type": "object",
            "extends": [],
            "properties": [
              {
                "key": "value",
                "valueShape": {
                  "type": "alias",
                  "value": {
                    "type": "nullable",
                    "shape": {
                      "type": "alias",
                      "value": {
                        "type": "primitive",
                        "value": {
                          "type": "double"
                        }
                      }
                    }
                  }
                },
                "description": "An optional numerical value.\n"
              }
            ]
          }
        ]
      }
    }
  },
  "subpackages": {},
  "auths": {}
}