{
  "id": "test-uuid-replacement",
  "endpoints": {},
  "websockets": {},
  "webhooks": {},
  "types": {},
  "subpackages": {},
  "auths": {},
  "globalHeaders": [
    {
      "key": "RequiredGlobalHeader",
      "valueShape": {
        "type": "alias",
        "value": {
          "type": "primitive",
          "value": {
            "type": "string"
          }
        }
      },
      "description": "required global header"
    },
    {
      "key": "OptionalGlobalHeader",
      "valueShape": {
        "type": "alias",
        "value": {
          "type": "optional",
          "shape": {
            "type": "alias",
            "value": {
              "type": "primitive",
              "value": {
                "type": "string"
              }
            }
          }
        }
      },
      "description": "optional global header"
    }
  ]
}