{
  "id": "test-uuid-replacement",
  "endpoints": {
    "endpoint_.get-example": {
      "id": "endpoint_.get-example",
      "displayName": "Get Example",
      "method": "GET",
      "path": [
        {
          "type": "literal",
          "value": "/"
        },
        {
          "type": "literal",
          "value": "example"
        }
      ],
      "environments": [],
      "responses": [
        {
          "statusCode": 200,
          "body": {
            "type": "alias",
            "value": {
              "type": "id",
              "id": "getExample200Response"
            }
          },
          "description": "Successful response"
        }
      ],
      "errors": [],
      "examples": [
        {
          "path": "/example",
          "responseStatusCode": 200
        }
      ],
      "protocol": {
        "type": "rest"
      }
    }
  },
  "websockets": {},
  "webhooks": {},
  "types": {
    "Schema1": {
      "name": "Schema1",
      "shape": {
        "type": "object",
        "extends": [],
        "properties": [
          {
            "key": "id",
            "valueShape": {
              "type": "alias",
              "value": {
                "type": "optional",
                "shape": {
                  "type": "alias",
                  "value": {
                    "type": "primitive",
                    "value": {
                      "type": "integer"
                    }
                  }
                }
              }
            }
          },
          {
            "key": "name",
            "valueShape": {
              "type": "alias",
              "value": {
                "type": "optional",
                "shape": {
                  "type": "alias",
                  "value": {
                    "type": "primitive",
                    "value": {
                      "type": "string"
                    }
                  }
                }
              }
            }
          }
        ]
      }
    },
    "Schema2": {
      "name": "Schema2",
      "shape": {
        "type": "object",
        "extends": [],
        "properties": [
          {
            "key": "email",
            "valueShape": {
              "type": "alias",
              "value": {
                "type": "optional",
                "shape": {
                  "type": "alias",
                  "value": {
                    "type": "primitive",
                    "value": {
                      "type": "string"
                    }
                  }
                }
              }
            }
          },
          {
            "key": "age",
            "valueShape": {
              "type": "alias",
              "value": {
                "type": "optional",
                "shape": {
                  "type": "alias",
                  "value": {
                    "type": "primitive",
                    "value": {
                      "type": "integer"
                    }
                  }
                }
              }
            }
          }
        ]
      }
    },
    "getExample200Response": {
      "name": "getExample200Response",
      "shape": {
        "type": "undiscriminatedUnion",
        "variants": [
          {
            "displayName": "Schema1",
            "shape": {
              "type": "alias",
              "value": {
                "type": "id",
                "id": "Schema1"
              }
            }
          },
          {
            "displayName": "Schema2",
            "shape": {
              "type": "alias",
              "value": {
                "type": "id",
                "id": "Schema2"
              }
            }
          },
          {
            "displayName": "Response Body 3",
            "shape": {
              "type": "object",
              "extends": [],
              "properties": [
                {
                  "key": "message",
                  "valueShape": {
                    "type": "alias",
                    "value": {
                      "type": "optional",
                      "shape": {
                        "type": "alias",
                        "value": {
                          "type": "primitive",
                          "value": {
                            "type": "string"
                          }
                        }
                      }
                    }
                  }
                }
              ]
            }
          }
        ]
      }
    }
  },
  "subpackages": {},
  "auths": {}
}