{
  "id": "test-uuid-replacement",
  "endpoints": {
    "endpoint_.get-example": {
      "id": "endpoint_.get-example",
      "displayName": "Get Example",
      "method": "GET",
      "path": [
        {
          "type": "literal",
          "value": "/"
        },
        {
          "type": "literal",
          "value": "example"
        }
      ],
      "environments": [],
      "responses": [
        {
          "statusCode": 200,
          "body": {
            "type": "alias",
            "value": {
              "type": "id",
              "id": "Schema1"
            }
          },
          "description": "Successful response"
        }
      ],
      "errors": [],
      "examples": [
        {
          "path": "/example",
          "responseStatusCode": 200,
          "responseBody": {
            "type": "json",
            "value": {
              "id": 0,
              "name": "name"
            }
          }
        }
      ],
      "protocol": {
        "type": "rest"
      }
    }
  },
  "websockets": {},
  "webhooks": {},
  "types": {
    "Schema1": {
      "name": "Schema1",
      "shape": {
        "type": "object",
        "extends": [],
        "properties": [
          {
            "key": "id",
            "valueShape": {
              "type": "alias",
              "value": {
                "type": "optional",
                "shape": {
                  "type": "alias",
                  "value": {
                    "type": "primitive",
                    "value": {
                      "type": "integer"
                    }
                  }
                }
              }
            }
          },
          {
            "key": "name",
            "valueShape": {
              "type": "alias",
              "value": {
                "type": "optional",
                "shape": {
                  "type": "alias",
                  "value": {
                    "type": "primitive",
                    "value": {
                      "type": "string"
                    }
                  }
                }
              }
            }
          }
        ]
      },
      "description": "Schema 1 description"
    }
  },
  "subpackages": {},
  "auths": {}
}