{
  "id": "test-uuid-replacement",
  "endpoints": {},
  "websockets": {},
  "webhooks": {},
  "types": {
    "PartyAccount": {
      "name": "PartyAccount",
      "shape": {
        "type": "undiscriminatedUnion",
        "variants": [
          {
            "displayName": "Iban Field",
            "shape": {
              "type": "alias",
              "value": {
                "type": "id",
                "id": "IbanField"
              }
            }
          },
          {
            "displayName": "Other Field",
            "shape": {
              "type": "alias",
              "value": {
                "type": "id",
                "id": "OtherField"
              }
            }
          }
        ]
      },
      "description": "PartyAccount with excluded currency in response"
    },
    "IbanField": {
      "name": "IbanField",
      "shape": {
        "type": "object",
        "extends": [],
        "properties": [
          {
            "key": "iban",
            "valueShape": {
              "type": "alias",
              "value": {
                "type": "optional",
                "shape": {
                  "type": "alias",
                  "value": {
                    "type": "nullable",
                    "shape": {
                      "type": "alias",
                      "value": {
                        "type": "primitive",
                        "value": {
                          "type": "string"
                        }
                      }
                    }
                  }
                }
              }
            }
          }
        ]
      }
    },
    "OtherField": {
      "name": "OtherField",
      "shape": {
        "type": "object",
        "extends": [],
        "properties": [
          {
            "key": "other",
            "valueShape": {
              "type": "alias",
              "value": {
                "type": "optional",
                "shape": {
                  "type": "alias",
                  "value": {
                    "type": "nullable",
                    "shape": {
                      "type": "alias",
                      "value": {
                        "type": "id",
                        "id": "Other"
                      }
                    }
                  }
                }
              }
            }
          }
        ]
      }
    },
    "Other": {
      "name": "Other",
      "shape": {
        "type": "object",
        "extends": [],
        "properties": [
          {
            "key": "identification",
            "valueShape": {
              "type": "alias",
              "value": {
                "type": "optional",
                "shape": {
                  "type": "alias",
                  "value": {
                    "type": "primitive",
                    "value": {
                      "type": "string"
                    }
                  }
                }
              }
            }
          },
          {
            "key": "schemeNameCone",
            "valueShape": {
              "type": "alias",
              "value": {
                "type": "optional",
                "shape": {
                  "type": "alias",
                  "value": {
                    "type": "primitive",
                    "value": {
                      "type": "string"
                    }
                  }
                }
              }
            }
          }
        ]
      }
    },
    "CounterPartyAccount": {
      "name": "CounterPartyAccount",
      "shape": {
        "type": "object",
        "extends": [
          "PartyAccount"
        ],
        "properties": [
          {
            "key": "currency",
            "valueShape": {
              "type": "alias",
              "value": {
                "type": "optional",
                "shape": {
                  "type": "alias",
                  "value": {
                    "type": "primitive",
                    "value": {
                      "type": "string"
                    }
                  }
                }
              }
            }
          }
        ]
      }
    }
  },
  "subpackages": {},
  "auths": {}
}