{
  "id": "test-uuid-replacement",
  "endpoints": {
    "endpoint_chatCompletions.create": {
      "id": "endpoint_chatCompletions.create",
      "namespace": [
        "chatCompletions"
      ],
      "method": "POST",
      "path": [
        {
          "type": "literal",
          "value": "/"
        },
        {
          "type": "literal",
          "value": "completions"
        },
        {
          "type": "literal",
          "value": "/"
        },
        {
          "type": "literal",
          "value": "chat"
        }
      ],
      "environments": [],
      "requests": [
        {
          "contentType": "application/json",
          "body": {
            "type": "alias",
            "value": {
              "type": "id",
              "id": "CreateCompletionRequest"
            }
          }
        }
      ],
      "responses": [
        {
          "statusCode": 200,
          "body": {
            "type": "alias",
            "value": {
              "type": "primitive",
              "value": {
                "type": "string"
              }
            }
          },
          "description": "Success!"
        }
      ],
      "errors": [],
      "examples": [
        {
          "path": "/completions/chat",
          "responseStatusCode": 200,
          "requestBody": {
            "type": "json",
            "value": {
              "stream": false,
              "prompt": "prompt"
            }
          },
          "responseBody": {
            "type": "json",
            "value": "string"
          }
        }
      ],
      "protocol": {
        "type": "rest"
      }
    }
  },
  "websockets": {},
  "webhooks": {},
  "types": {
    "CreateCompletionRequest": {
      "name": "CreateCompletionRequest",
      "shape": {
        "type": "object",
        "extends": [],
        "properties": [
          {
            "key": "stream",
            "valueShape": {
              "type": "alias",
              "value": {
                "type": "optional",
                "shape": {
                  "type": "alias",
                  "value": {
                    "type": "primitive",
                    "value": {
                      "type": "boolean"
                    }
                  }
                }
              }
            }
          },
          {
            "key": "prompt",
            "valueShape": {
              "type": "alias",
              "value": {
                "type": "primitive",
                "value": {
                  "type": "string"
                }
              }
            }
          }
        ]
      }
    },
    "Completion": {
      "name": "Completion",
      "shape": {
        "type": "object",
        "extends": [],
        "properties": [
          {
            "key": "text",
            "valueShape": {
              "type": "alias",
              "value": {
                "type": "primitive",
                "value": {
                  "type": "string"
                }
              }
            }
          }
        ]
      }
    },
    "CompletionChunk": {
      "name": "CompletionChunk",
      "shape": {
        "type": "object",
        "extends": [],
        "properties": [
          {
            "key": "text",
            "valueShape": {
              "type": "alias",
              "value": {
                "type": "primitive",
                "value": {
                  "type": "string"
                }
              }
            }
          }
        ]
      }
    }
  },
  "subpackages": {
    "chatCompletions": {
      "id": "chatCompletions",
      "name": "chatCompletions",
      "displayName": "chatCompletions"
    }
  },
  "auths": {
    "api_key": {
      "type": "bearerAuth"
    },
    "custom_header": {
      "type": "header",
      "headerWireValue": "X-API-Key"
    },
    "access_token": {
      "type": "bearerAuth"
    }
  }
}