{
  "id": "test-uuid-replacement",
  "endpoints": {
    "endpoint_user.get": {
      "id": "endpoint_user.get",
      "namespace": [
        "user"
      ],
      "operationId": "get",
      "method": "POST",
      "path": [
        {
          "type": "literal",
          "value": "/"
        },
        {
          "type": "literal",
          "value": "user"
        },
        {
          "type": "literal",
          "value": "/"
        },
        {
          "type": "pathParameter",
          "value": "userId"
        }
      ],
      "environments": [],
      "pathParameters": [
        {
          "key": "userId",
          "valueShape": {
            "type": "alias",
            "value": {
              "type": "primitive",
              "value": {
                "type": "string"
              }
            }
          }
        }
      ],
      "requestHeaders": [
        {
          "key": "my-api-key",
          "valueShape": {
            "type": "alias",
            "value": {
              "type": "primitive",
              "value": {
                "type": "string"
              }
            }
          }
        },
        {
          "key": "another_header",
          "valueShape": {
            "type": "alias",
            "value": {
              "type": "primitive",
              "value": {
                "type": "string"
              }
            }
          }
        },
        {
          "key": "x-api-key",
          "valueShape": {
            "type": "alias",
            "value": {
              "type": "primitive",
              "value": {
                "type": "string"
              }
            }
          }
        },
        {
          "key": "my-api-version",
          "valueShape": {
            "type": "alias",
            "value": {
              "type": "primitive",
              "value": {
                "type": "string"
              }
            }
          }
        }
      ],
      "requests": [
        {
          "contentType": "application/json",
          "body": {
            "type": "object",
            "extends": [],
            "properties": [
              {
                "key": "stream",
                "valueShape": {
                  "type": "alias",
                  "value": {
                    "type": "primitive",
                    "value": {
                      "type": "boolean"
                    }
                  }
                }
              }
            ]
          }
        }
      ],
      "responses": [
        {
          "statusCode": 200,
          "body": {
            "type": "alias",
            "value": {
              "type": "primitive",
              "value": {
                "type": "string"
              }
            }
          },
          "description": "Success!"
        }
      ],
      "errors": [],
      "examples": [
        {
          "path": "/user/string",
          "responseStatusCode": 200,
          "pathParameters": {
            "userId": "string"
          },
          "headers": {
            "my-api-key": "string",
            "another_header": "string",
            "x-api-key": "string",
            "my-api-version": "string"
          },
          "responseBody": {
            "type": "json",
            "value": "string"
          }
        }
      ],
      "protocol": {
        "type": "rest"
      }
    }
  },
  "websockets": {},
  "webhooks": {},
  "types": {
    "User": {
      "name": "User",
      "shape": {
        "type": "object",
        "extends": [],
        "properties": [
          {
            "key": "id",
            "valueShape": {
              "type": "alias",
              "value": {
                "type": "primitive",
                "value": {
                  "type": "uuid"
                }
              }
            }
          },
          {
            "key": "streamed",
            "valueShape": {
              "type": "alias",
              "value": {
                "type": "primitive",
                "value": {
                  "type": "boolean"
                }
              }
            }
          }
        ]
      }
    },
    "StreamUser": {
      "name": "StreamUser",
      "shape": {
        "type": "object",
        "extends": [],
        "properties": [
          {
            "key": "id",
            "valueShape": {
              "type": "alias",
              "value": {
                "type": "primitive",
                "value": {
                  "type": "uuid"
                }
              }
            }
          },
          {
            "key": "streamed",
            "valueShape": {
              "type": "alias",
              "value": {
                "type": "primitive",
                "value": {
                  "type": "boolean"
                }
              }
            }
          }
        ]
      }
    }
  },
  "subpackages": {
    "user": {
      "id": "user",
      "name": "user",
      "displayName": "user"
    }
  },
  "auths": {},
  "globalHeaders": [
    {
      "key": "my-api-key",
      "valueShape": {
        "type": "alias",
        "value": {
          "type": "unknown"
        }
      }
    },
    {
      "key": "another_header",
      "valueShape": {
        "type": "alias",
        "value": {
          "type": "unknown"
        }
      }
    },
    {
      "key": "version",
      "valueShape": {
        "type": "alias",
        "value": {
          "type": "unknown"
        }
      }
    }
  ]
}