{
  "id": "test-uuid-replacement",
  "endpoints": {
    "endpoint_.send": {
      "id": "endpoint_.send",
      "method": "POST",
      "path": [
        {
          "type": "literal",
          "value": "/"
        },
        {
          "type": "literal",
          "value": "send"
        }
      ],
      "environments": [],
      "requests": [
        {
          "contentType": "application/json",
          "body": {
            "type": "object",
            "extends": [],
            "properties": [
              {
                "key": "send",
                "valueShape": {
                  "type": "alias",
                  "value": {
                    "type": "primitive",
                    "value": {
                      "type": "boolean"
                    }
                  }
                }
              }
            ]
          }
        }
      ],
      "responses": [
        {
          "statusCode": 200,
          "body": {
            "type": "alias",
            "value": {
              "type": "primitive",
              "value": {
                "type": "string"
              }
            }
          },
          "description": "Success!"
        }
      ],
      "errors": [],
      "examples": [
        {
          "path": "/send",
          "responseStatusCode": 200,
          "responseBody": {
            "type": "json",
            "value": "string"
          }
        }
      ]
    }
  },
  "websockets": {},
  "webhooks": {},
  "types": {},
  "subpackages": {},
  "auths": {}
}