{
  "id": "test-uuid-replacement",
  "endpoints": {},
  "websockets": {},
  "webhooks": {},
  "types": {},
  "subpackages": {},
  "auths": {}
}