[
  {
    "message": "Expected 'schemas' property to be specified",
    "path": [
      "components",
    ],
  },
]