[
  {
    "message": "Expected 'paths' or 'webhooks' property to be specified",
    "path": [],
  },
]