[
  {
    "message": "Expected format to be one of base64url, binary, byte, char, commonmark, date-time, date, decimal, decimal128, duration, email, hostname, html, http-date, idn-email, idn-hostname, int64, ipv4, ipv6, iri-reference, iri, json-pointer, media-range, password, regex, relative-json-pointer, sf-binary, sf-boolean, sf-string, sf-token, time, uri-reference, uri-template, uri, uuid. Received url",
    "path": [
      "paths",
      "/files/remote_copy/",
      "post",
      "responses",
      "content",
      "application/json",
      "type",
      "copiedFileURL",
      "properties",
      "result",
    ],
  },
  {
    "message": "Expected format to be one of base64url, binary, byte, char, commonmark, date-time, date, decimal, decimal128, duration, email, hostname, html, http-date, idn-email, idn-hostname, int64, ipv4, ipv6, iri-reference, iri, json-pointer, media-range, password, regex, relative-json-pointer, sf-binary, sf-boolean, sf-string, sf-token, time, uri-reference, uri-template, uri, uuid. Received url",
    "path": [
      "paths",
      "/files/remote_copy/",
      "post",
      "responses",
      "content",
      "application/json",
      "type",
      "copiedFileURL",
      "properties",
      "result",
    ],
  },
  {
    "message": "Expected request body of reference or object with json, streaming or form-data content types. Received: application/x-www-form-urlencoded",
    "path": [
      "paths",
      "/webhooks/",
      "post",
      "requestBody",
      "content",
    ],
  },
  {
    "message": "Expected request body of reference or object with json, streaming or form-data content types. Received: application/x-www-form-urlencoded",
    "path": [
      "paths",
      "/webhooks/{id}/",
      "put",
      "requestBody",
      "content",
    ],
  },
  {
    "message": "Expected request body of reference or object with json, streaming or form-data content types. Received: application/x-www-form-urlencoded",
    "path": [
      "paths",
      "/webhooks/unsubscribe/",
      "delete",
      "requestBody",
      "content",
    ],
  },
  {
    "message": "Expected format to be one of base64url, binary, byte, char, commonmark, date-time, date, decimal, decimal128, duration, email, hostname, html, http-date, idn-email, idn-hostname, int64, ipv4, ipv6, iri-reference, iri, json-pointer, media-range, password, regex, relative-json-pointer, sf-binary, sf-boolean, sf-string, sf-token, time, uri-reference, uri-template, uri, uuid. Received url",
    "path": [
      "components",
      "copiedFileURL",
      "properties",
      "result",
    ],
  },
]